// Jest Snapshot v1, https://goo.gl/fbAQLP

exports[`matches snapshot 1`] = `
<DocumentFragment>
  <div>
    <h1>
      Todo App
    </h1>
    <div>
      <form>
        <input
          type="text"
          value=""
        />
        <button
          type="submit"
        >
          Add Todo
        </button>
      </form>
    </div>
  </div>
</DocumentFragment>
`;
