// Jest Snapshot v1, https://goo.gl/fbAQLP

exports[`Todo matches snapshot 1`] = `
<DocumentFragment>
  <div>
    <span>
      Test task
    </span>
    <button>
      X
    </button>
  </div>
</DocumentFragment>
`;
